error: variable `_InappropriateCamelCasing` should have a snake case name such as `_inappropriate_camel_casing`
  --> $DIR/command-line-lint-group-deny.rs:14:9
   |
14 |     let _InappropriateCamelCasing = true;
   |         ^^^^^^^^^^^^^^^^^^^^^^^^^
   |
   = note: `-D bad-style` implies `-D non-snake-case`

error: aborting due to previous error

