error: function `CamelCase` should have a snake case name such as `camel_case`
  --> $DIR/lint-group-style.rs:14:1
   |
14 | fn CamelCase() {}
   | ^^^^^^^^^^^^^^^^^
   |
   = note: #[deny(bad_style)] implies #[deny(non_snake_case)]
note: lint level defined here
  --> $DIR/lint-group-style.rs:11:9
   |
11 | #![deny(bad_style)]
   |         ^^^^^^^^^

error: function `CamelCase` should have a snake case name such as `camel_case`
  --> $DIR/lint-group-style.rs:22:9
   |
22 |         fn CamelCase() {}
   |         ^^^^^^^^^^^^^^^^^
   |
   = note: #[forbid(bad_style)] implies #[forbid(non_snake_case)]
note: lint level defined here
  --> $DIR/lint-group-style.rs:20:14
   |
20 |     #[forbid(bad_style)]
   |              ^^^^^^^^^

error: static variable `bad` should have an upper case name such as `BAD`
  --> $DIR/lint-group-style.rs:24:9
   |
24 |         static bad: isize = 1;
   |         ^^^^^^^^^^^^^^^^^^^^^^
   |
   = note: #[forbid(bad_style)] implies #[forbid(non_upper_case_globals)]
note: lint level defined here
  --> $DIR/lint-group-style.rs:20:14
   |
20 |     #[forbid(bad_style)]
   |              ^^^^^^^^^

warning: function `CamelCase` should have a snake case name such as `camel_case`
  --> $DIR/lint-group-style.rs:30:9
   |
30 |         fn CamelCase() {}
   |         ^^^^^^^^^^^^^^^^^
   |
   = note: #[warn(bad_style)] implies #[warn(non_snake_case)]
note: lint level defined here
  --> $DIR/lint-group-style.rs:28:17
   |
28 |         #![warn(bad_style)]
   |                 ^^^^^^^^^

warning: type `snake_case` should have a camel case name such as `SnakeCase`
  --> $DIR/lint-group-style.rs:32:9
   |
32 |         struct snake_case;
   |         ^^^^^^^^^^^^^^^^^^
   |
   = note: #[warn(bad_style)] implies #[warn(non_camel_case_types)]
note: lint level defined here
  --> $DIR/lint-group-style.rs:28:17
   |
28 |         #![warn(bad_style)]
   |                 ^^^^^^^^^

error: aborting due to 3 previous errors

