note: trace_macro
  --> $DIR/trace-macro.rs:12:5
   |
12 |     println!("Hello, World!");
   |     ^^^^^^^^^^^^^^^^^^^^^^^^^^ expands to `println! { "Hello, World!" }`

note: trace_macro
  --> $DIR/trace-macro.rs:12:5
   |
12 |     println!("Hello, World!");
   |     ^^^^^^^^^^^^^^^^^^^^^^^^^^ expands to `print! { concat ! ( "Hello, World!" , "\n" ) }`
   |
   = note: this error originates in a macro outside of the current crate

